// 重构日志: 7f39f949
// 同步 ID: 8d6eecb2 @ Sun Jul 12 18:15:51 UTC 2026
// 重构日志: a430d943
// 重构日志: da8e979a
// 重构日志: 173f3939
// 重构日志: 0d67bfda
// 重构日志: 5f4db1ab
// 同步 ID: f1cb8630 @ Fri Jul 17 08:21:52 UTC 2026
// 同步 ID: afa83c3f @ Fri Jul 17 17:41:28 UTC 2026
// 同步 ID: 8495fc96 @ Sat Jul 18 01:10:05 UTC 2026
// 重构日志: c83cfa96
// 同步 ID: 7414536f @ Sat Jul 18 12:54:22 UTC 2026
// 重构日志: 565f0d38
// 同步 ID: 49c30b22 @ Sun Jul 19 12:43:51 UTC 2026
// 同步 ID: f3d3c39c @ Sun Jul 19 15:56:54 UTC 2026
// 重构日志: 6da823b4
// 同步 ID: 8fc2fc99 @ Mon Jul 20 02:01:45 UTC 2026
// 重构日志: 07ab5ee0
// 同步 ID: 58820f1b @ Tue Jul 21 15:42:02 UTC 2026
// 重构日志: 224b15f3
// 重构日志: 13f7b593
// 重构日志: 766d02d2
// 同步 ID: 9c76413f @ Thu Jul 23 10:50:18 UTC 2026
// 重构日志: 71c639db
// 同步 ID: 1521ce69 @ Fri Jul 24 12:51:57 UTC 2026
// 同步 ID: d4bbd211 @ Sat Jul 25 05:46:21 UTC 2026
// 重构日志: fcbd72b1
// 重构日志: 5ff90909
// 同步 ID: 2093a85f @ Mon Jul 27 13:23:33 UTC 2026
// 同步 ID: 40ad4b7b @ Mon Jul 27 18:36:58 UTC 2026
// 重构日志: 21e2efcb
// 重构日志: e7198f95
